A51 MACRO ASSEMBLER  LAB02_IRAM                                                           03/10/2017 15:50:04 PAGE     1


MACRO ASSEMBLER A51 V8.00d
OBJECT MODULE PLACED IN LAB02_IRAM.OBJ
ASSEMBLER INVOKED BY: C:\Keil\C51\BIN\A51.EXE LAB02_IRAM.A51 SET(SMALL) DEBUG EP

LOC  OBJ            LINE     SOURCE

0000 020100            1     LJMP START
0100                   2     ORG 0x0100
                       3     
0100 7840              4     START:  MOV R0, #0x40
0102 E6                5                     MOV A, @R0
0103 F4                6                     CPL A
0104 F6                7                     MOV @R0, A
0105 04                8                     INC A
0106 E6                9                     MOV A, @R0
                      10     
0107 80FE             11                     JMP $
                      12     END START
A51 MACRO ASSEMBLER  LAB02_IRAM                                                           03/10/2017 15:50:04 PAGE     2

SYMBOL TABLE LISTING
------ ----- -------


N A M E             T Y P E  V A L U E   ATTRIBUTES

START. . . . . . .  C ADDR   0100H   A   


REGISTER BANK(S) USED: 0 


ASSEMBLY COMPLETE.  0 WARNING(S), 0 ERROR(S)
